[2025-11-28 18:50:02] Email send failed: Could not instantiate mail function.
[2025-11-28 18:50:02] SMS skipped (no API key) to +917015352534: Library OTP: 059853. Valid for 10 minutes.
[2025-11-28 18:50:02] Failed to send email OTP to rainymittal10@gmail.com (987002)
[2025-11-28 18:50:02] Failed to send SMS OTP to +917015352534 (059853)
[2025-11-28 19:12:10] Email send failed: Could not instantiate mail function.
[2025-11-28 19:12:10] SMS skipped (no API key) to 7015352534: Your OTP is: 991612
[2025-11-29 15:13:25] Email sent successfully to: ishaishant27@gmail.com - Subject: Your Email OTP Code - Library Management System
[2025-11-29 15:13:25] SMS skipped (no API key configured) to +917488008497: Your OTP code is: 958455. It expires in 10 minutes. - Library Management System
[2025-11-29 15:29:53] Email sent successfully to: ujjwalff01@gmail.com - Subject: Your Email OTP Code - Library Management System
[2025-11-29 15:33:03] Email sent successfully to: ujjwalff01@gmail.com - Subject: Book request approved
[2025-11-29 16:13:59] Email sent successfully to: laxyatavarshney@gmail.com - Subject: Your Email OTP Code - Library Management System
[2025-11-29 16:20:06] Email sent successfully to: laxyatavarshney@gmail.com - Subject: Book request approved
[2025-12-01 21:17:41] Email sent successfully to: ishaishant27@gmail.com - Subject: Book request approved
[2025-12-04 12:00:32] Email sent successfully to: vaibhav.sv007@gmail.com - Subject: Your Email OTP Code - Library Management System
[2025-12-04 12:05:40] Email sent successfully to: vaibhav.sv007@gmail.com - Subject: Book request approved
[2025-12-06 22:24:29] Email sent successfully to: ishaishant27@gmail.com - Subject: Book request approved
[2025-12-07 14:49:30] Email sent successfully to: saakshirathee21@gmail.com - Subject: Your Email OTP Code - Library Management System
[2025-12-07 14:53:18] Email sent successfully to: saakshirathee21@gmail.com - Subject: Book request approved
[2025-12-07 14:53:23] Email sent successfully to: saakshirathee21@gmail.com - Subject: Book request approved
[2025-12-07 16:16:43] Email sent successfully to: ujjwalff01@gmail.com - Subject: Your Email OTP Code - Library Management System
[2025-12-08 13:03:31] Email sent successfully to: montisaini60@gmail.com - Subject: Your Email OTP Code - Library Management System
[2025-12-08 13:18:15] Email send failed to montisaini60@gmail.com: SMTP Error: Could not connect to SMTP host. Failed to connect to server SMTP server error: Failed to connect to server Additional SMTP info: php_network_getaddresses: getaddrinfo for smtp.gmail.com failed: No such host is known | Exception: SMTP Error: Could not connect to SMTP host. Failed to connect to server
[2025-12-08 13:21:14] Email sent successfully to: montisaini60@gmail.com - Subject: Your Email OTP Code - Library Management System
[2025-12-08 13:22:08] Fingerprint register failed: Duplicate entry '8fd251fa3350a1871a7b64299b86f46d' for key 'user_fingerprints.fingerprint_hash'
[2025-12-08 13:22:13] Fingerprint register failed: Duplicate entry '8fd251fa3350a1871a7b64299b86f46d' for key 'user_fingerprints.fingerprint_hash'
[2025-12-08 13:22:13] Fingerprint register failed: Duplicate entry '8fd251fa3350a1871a7b64299b86f46d' for key 'user_fingerprints.fingerprint_hash'
[2025-12-08 13:22:14] Fingerprint register failed: Duplicate entry '8fd251fa3350a1871a7b64299b86f46d' for key 'user_fingerprints.fingerprint_hash'
[2025-12-08 13:22:16] Fingerprint register failed: Duplicate entry '8fd251fa3350a1871a7b64299b86f46d' for key 'user_fingerprints.fingerprint_hash'
[2025-12-08 13:22:21] Fingerprint register failed: Duplicate entry '8fd251fa3350a1871a7b64299b86f46d' for key 'user_fingerprints.fingerprint_hash'
[2025-12-08 13:22:22] Fingerprint register failed: Duplicate entry '8fd251fa3350a1871a7b64299b86f46d' for key 'user_fingerprints.fingerprint_hash'
[2025-12-08 13:22:23] Fingerprint register failed: Duplicate entry '8fd251fa3350a1871a7b64299b86f46d' for key 'user_fingerprints.fingerprint_hash'
[2025-12-08 13:22:23] Fingerprint register failed: Duplicate entry '8fd251fa3350a1871a7b64299b86f46d' for key 'user_fingerprints.fingerprint_hash'
[2025-12-08 13:22:24] Fingerprint register failed: Duplicate entry '8fd251fa3350a1871a7b64299b86f46d' for key 'user_fingerprints.fingerprint_hash'
[2025-12-08 13:22:25] Fingerprint register failed: Duplicate entry '8fd251fa3350a1871a7b64299b86f46d' for key 'user_fingerprints.fingerprint_hash'
[2025-12-08 13:22:26] Fingerprint register failed: Duplicate entry '8fd251fa3350a1871a7b64299b86f46d' for key 'user_fingerprints.fingerprint_hash'
[2025-12-08 13:22:32] Fingerprint register failed: Duplicate entry '8fd251fa3350a1871a7b64299b86f46d' for key 'user_fingerprints.fingerprint_hash'
[2025-12-08 13:25:27] Fingerprint register failed: Duplicate entry '8fd251fa3350a1871a7b64299b86f46d' for key 'user_fingerprints.fingerprint_hash'
[2025-12-08 13:25:29] Fingerprint register failed: Duplicate entry '8fd251fa3350a1871a7b64299b86f46d' for key 'user_fingerprints.fingerprint_hash'
[2025-12-08 13:26:18] Fingerprint register failed: Duplicate entry '8fd251fa3350a1871a7b64299b86f46d' for key 'user_fingerprints.fingerprint_hash'
[2025-12-08 13:26:29] Fingerprint register failed: Duplicate entry '8fd251fa3350a1871a7b64299b86f46d' for key 'user_fingerprints.fingerprint_hash'
[2025-12-08 13:26:38] Fingerprint register failed: Duplicate entry '8fd251fa3350a1871a7b64299b86f46d' for key 'user_fingerprints.fingerprint_hash'
[2025-12-08 13:26:40] Fingerprint register failed: Duplicate entry '8fd251fa3350a1871a7b64299b86f46d' for key 'user_fingerprints.fingerprint_hash'
[2025-12-08 14:44:06] Email sent successfully to: abhishekkumarofficial1303@gmail.com - Subject: Your Email OTP Code - Library Management System
[2025-12-08 14:47:06] Email sent successfully to: abhishekkumarofficial1303@gmail.com - Subject: Book request approved
[2025-12-08 14:47:16] Email sent successfully to: ujjwalff01@gmail.com - Subject: Book request approved
[2025-12-09 10:41:47] Email sent successfully to: rajkumar.cse@quantumeducation.in - Subject: Your Email OTP Code - Library Management System
[2025-12-09 13:32:24] Email send failed to itsnishasharma0104@gmail.com: SMTP Error: Could not connect to SMTP host. Failed to connect to server SMTP server error: Failed to connect to server Additional SMTP info: php_network_getaddresses: getaddrinfo for smtp.gmail.com failed: No such host is known | Exception: SMTP Error: Could not connect to SMTP host. Failed to connect to server
[2025-12-09 13:36:51] Email sent successfully to: itsnishasharma0104@gmail.com - Subject: Your Email OTP Code - Library Management System
[2025-12-09 13:39:45] Email sent successfully to: itsnishasharma0104@gmail.com - Subject: Book request approved
[2025-12-09 13:49:48] Email sent successfully to: vksingh087@gmail.com - Subject: Your Email OTP Code - Library Management System
[2025-12-09 13:56:36] Email sent successfully to: vksingh087@gmail.com - Subject: Book request approved
[2026-06-05 21:58:55] Email send failed to ujjwalff01@gmail.com: SMTP Error: Could not authenticate. | Exception: SMTP Error: Could not authenticate.
[2026-06-05 21:58:59] Email send failed to laxyatavarshney@gmail.com: SMTP Error: Could not authenticate. | Exception: SMTP Error: Could not authenticate.
[2026-06-05 21:59:04] Email send failed to ishaishant27@gmail.com: SMTP Error: Could not authenticate. | Exception: SMTP Error: Could not authenticate.
[2026-06-05 21:59:08] Email send failed to vaibhav.sv007@gmail.com: SMTP Error: Could not authenticate. | Exception: SMTP Error: Could not authenticate.
[2026-06-05 21:59:12] Email send failed to ishaishant27@gmail.com: SMTP Error: Could not authenticate. | Exception: SMTP Error: Could not authenticate.
[2026-06-05 21:59:15] Email send failed to saakshirathee21@gmail.com: SMTP Error: Could not authenticate. | Exception: SMTP Error: Could not authenticate.
[2026-06-05 21:59:20] Email send failed to saakshirathee21@gmail.com: SMTP Error: Could not authenticate. | Exception: SMTP Error: Could not authenticate.
[2026-06-05 21:59:25] Email send failed to abhishekkumarofficial1303@gmail.com: SMTP Error: Could not authenticate. | Exception: SMTP Error: Could not authenticate.
[2026-06-05 21:59:28] Email send failed to ujjwalff01@gmail.com: SMTP Error: Could not authenticate. | Exception: SMTP Error: Could not authenticate.
[2026-06-05 21:59:31] Email send failed to itsnishasharma0104@gmail.com: SMTP Error: Could not authenticate. | Exception: SMTP Error: Could not authenticate.
[2026-06-05 21:59:35] Email send failed to vksingh087@gmail.com: SMTP Error: Could not authenticate. | Exception: SMTP Error: Could not authenticate.
[2026-06-05 22:04:34] Email send failed to poojachoudhary4694@gmail.com: SMTP Error: Could not authenticate. | Exception: SMTP Error: Could not authenticate.
[2026-06-05 22:05:14] Email send failed to ujjwalff01@gmail.com: SMTP Error: Could not authenticate. | Exception: SMTP Error: Could not authenticate.
[2026-06-05 22:05:17] Email send failed to laxyatavarshney@gmail.com: SMTP Error: Could not authenticate. | Exception: SMTP Error: Could not authenticate.
[2026-06-05 22:05:21] Email send failed to ishaishant27@gmail.com: SMTP Error: Could not authenticate. | Exception: SMTP Error: Could not authenticate.
[2026-06-05 22:05:23] Email send failed to vaibhav.sv007@gmail.com: SMTP Error: Could not authenticate. | Exception: SMTP Error: Could not authenticate.
[2026-06-05 22:05:26] Email send failed to ishaishant27@gmail.com: SMTP Error: Could not authenticate. | Exception: SMTP Error: Could not authenticate.
[2026-06-05 22:05:28] Email send failed to saakshirathee21@gmail.com: SMTP Error: Could not authenticate. | Exception: SMTP Error: Could not authenticate.
[2026-06-05 22:05:31] Email send failed to saakshirathee21@gmail.com: SMTP Error: Could not authenticate. | Exception: SMTP Error: Could not authenticate.
[2026-06-05 22:05:34] Email send failed to abhishekkumarofficial1303@gmail.com: SMTP Error: Could not authenticate. | Exception: SMTP Error: Could not authenticate.
[2026-06-05 22:05:37] Email send failed to ujjwalff01@gmail.com: SMTP Error: Could not authenticate. | Exception: SMTP Error: Could not authenticate.
[2026-06-05 22:05:39] Email send failed to itsnishasharma0104@gmail.com: SMTP Error: Could not authenticate. | Exception: SMTP Error: Could not authenticate.
[2026-06-05 22:05:42] Email send failed to vksingh087@gmail.com: SMTP Error: Could not authenticate. | Exception: SMTP Error: Could not authenticate.
[2026-06-05 22:07:14] Email send failed to ujjwalff01@gmail.com: SMTP Error: Could not authenticate. | Exception: SMTP Error: Could not authenticate.
[2026-06-05 22:07:17] Email send failed to laxyatavarshney@gmail.com: SMTP Error: Could not authenticate. | Exception: SMTP Error: Could not authenticate.
[2026-06-05 22:07:20] Email send failed to ishaishant27@gmail.com: SMTP Error: Could not authenticate. | Exception: SMTP Error: Could not authenticate.
[2026-06-05 22:07:22] Email send failed to vaibhav.sv007@gmail.com: SMTP Error: Could not authenticate. | Exception: SMTP Error: Could not authenticate.
[2026-06-05 22:07:25] Email send failed to ishaishant27@gmail.com: SMTP Error: Could not authenticate. | Exception: SMTP Error: Could not authenticate.
[2026-06-05 22:07:28] Email send failed to saakshirathee21@gmail.com: SMTP Error: Could not authenticate. | Exception: SMTP Error: Could not authenticate.
[2026-06-05 22:07:30] Email send failed to saakshirathee21@gmail.com: SMTP Error: Could not authenticate. | Exception: SMTP Error: Could not authenticate.
[2026-06-05 22:07:33] Email send failed to abhishekkumarofficial1303@gmail.com: SMTP Error: Could not authenticate. | Exception: SMTP Error: Could not authenticate.
[2026-06-05 22:07:35] Email send failed to ujjwalff01@gmail.com: SMTP Error: Could not authenticate. | Exception: SMTP Error: Could not authenticate.
[2026-06-05 22:07:38] Email send failed to itsnishasharma0104@gmail.com: SMTP Error: Could not authenticate. | Exception: SMTP Error: Could not authenticate.
[2026-06-05 22:07:40] Email send failed to vksingh087@gmail.com: SMTP Error: Could not authenticate. | Exception: SMTP Error: Could not authenticate.
[2026-06-05 22:11:39] Email send failed to pantgarima62@gmail.com: SMTP Error: Could not authenticate. | Exception: SMTP Error: Could not authenticate.
[2026-06-05 22:12:39] Email send failed to ujjwalff01@gmail.com: SMTP Error: Could not authenticate. | Exception: SMTP Error: Could not authenticate.
[2026-06-05 22:12:43] Email send failed to laxyatavarshney@gmail.com: SMTP Error: Could not authenticate. | Exception: SMTP Error: Could not authenticate.
[2026-06-05 22:12:47] Email send failed to ishaishant27@gmail.com: SMTP Error: Could not authenticate. | Exception: SMTP Error: Could not authenticate.
[2026-06-05 22:12:51] Email send failed to vaibhav.sv007@gmail.com: SMTP Error: Could not authenticate. | Exception: SMTP Error: Could not authenticate.
[2026-06-05 22:12:55] Email send failed to ishaishant27@gmail.com: SMTP Error: Could not authenticate. | Exception: SMTP Error: Could not authenticate.
[2026-06-05 22:12:59] Email send failed to saakshirathee21@gmail.com: SMTP Error: Could not authenticate. | Exception: SMTP Error: Could not authenticate.
[2026-06-05 22:13:03] Email send failed to saakshirathee21@gmail.com: SMTP Error: Could not authenticate. | Exception: SMTP Error: Could not authenticate.
[2026-06-05 22:13:06] Email send failed to abhishekkumarofficial1303@gmail.com: SMTP Error: Could not authenticate. | Exception: SMTP Error: Could not authenticate.
[2026-06-05 22:13:11] Email send failed to ujjwalff01@gmail.com: SMTP Error: Could not authenticate. | Exception: SMTP Error: Could not authenticate.
[2026-06-05 22:13:14] Email send failed to itsnishasharma0104@gmail.com: SMTP Error: Could not authenticate. | Exception: SMTP Error: Could not authenticate.
[2026-06-05 22:13:18] Email send failed to vksingh087@gmail.com: SMTP Error: Could not authenticate. | Exception: SMTP Error: Could not authenticate.
[2026-06-05 22:17:40] Email send failed to poojachoudhary4694@gmail.com: SMTP Error: Could not authenticate. | Exception: SMTP Error: Could not authenticate.
[2026-06-05 22:20:15] Email send failed to pantgarima62@gmail.com: SMTP Error: Could not authenticate. | Exception: SMTP Error: Could not authenticate.
[2026-06-06 00:14:21] Email sent successfully to: pantgarima62@gmail.com - Subject: Your Email OTP Code - Library Management System
[2026-06-06 00:20:07] Email send failed to ujjwalff01@gmail.com: SMTP Error: Could not connect to SMTP host. Failed to connect to server SMTP server error: Failed to connect to server Additional SMTP info: php_network_getaddresses: getaddrinfo for smtp.gmail.com failed: No such host is known | Exception: SMTP Error: Could not connect to SMTP host. Failed to connect to server
[2026-06-06 00:20:07] Email send failed to laxyatavarshney@gmail.com: SMTP Error: Could not connect to SMTP host. Failed to connect to server SMTP server error: Failed to connect to server Additional SMTP info: php_network_getaddresses: getaddrinfo for smtp.gmail.com failed: No such host is known | Exception: SMTP Error: Could not connect to SMTP host. Failed to connect to server
[2026-06-06 00:20:07] Email send failed to ishaishant27@gmail.com: SMTP Error: Could not connect to SMTP host. Failed to connect to server SMTP server error: Failed to connect to server Additional SMTP info: php_network_getaddresses: getaddrinfo for smtp.gmail.com failed: No such host is known | Exception: SMTP Error: Could not connect to SMTP host. Failed to connect to server
[2026-06-06 00:20:07] Email send failed to vaibhav.sv007@gmail.com: SMTP Error: Could not connect to SMTP host. Failed to connect to server SMTP server error: Failed to connect to server Additional SMTP info: php_network_getaddresses: getaddrinfo for smtp.gmail.com failed: No such host is known | Exception: SMTP Error: Could not connect to SMTP host. Failed to connect to server
[2026-06-06 00:20:07] Email send failed to ishaishant27@gmail.com: SMTP Error: Could not connect to SMTP host. Failed to connect to server SMTP server error: Failed to connect to server Additional SMTP info: php_network_getaddresses: getaddrinfo for smtp.gmail.com failed: No such host is known | Exception: SMTP Error: Could not connect to SMTP host. Failed to connect to server
[2026-06-06 00:20:07] Email send failed to saakshirathee21@gmail.com: SMTP Error: Could not connect to SMTP host. Failed to connect to server SMTP server error: Failed to connect to server Additional SMTP info: php_network_getaddresses: getaddrinfo for smtp.gmail.com failed: No such host is known | Exception: SMTP Error: Could not connect to SMTP host. Failed to connect to server
[2026-06-06 00:20:07] Email send failed to saakshirathee21@gmail.com: SMTP Error: Could not connect to SMTP host. Failed to connect to server SMTP server error: Failed to connect to server Additional SMTP info: php_network_getaddresses: getaddrinfo for smtp.gmail.com failed: No such host is known | Exception: SMTP Error: Could not connect to SMTP host. Failed to connect to server
[2026-06-06 00:20:07] Email send failed to abhishekkumarofficial1303@gmail.com: SMTP Error: Could not connect to SMTP host. Failed to connect to server SMTP server error: Failed to connect to server Additional SMTP info: php_network_getaddresses: getaddrinfo for smtp.gmail.com failed: No such host is known | Exception: SMTP Error: Could not connect to SMTP host. Failed to connect to server
[2026-06-06 00:20:07] Email send failed to ujjwalff01@gmail.com: SMTP Error: Could not connect to SMTP host. Failed to connect to server SMTP server error: Failed to connect to server Additional SMTP info: php_network_getaddresses: getaddrinfo for smtp.gmail.com failed: No such host is known | Exception: SMTP Error: Could not connect to SMTP host. Failed to connect to server
[2026-06-06 00:20:07] Email send failed to itsnishasharma0104@gmail.com: SMTP Error: Could not connect to SMTP host. Failed to connect to server SMTP server error: Failed to connect to server Additional SMTP info: php_network_getaddresses: getaddrinfo for smtp.gmail.com failed: No such host is known | Exception: SMTP Error: Could not connect to SMTP host. Failed to connect to server
[2026-06-06 00:20:07] Email send failed to vksingh087@gmail.com: SMTP Error: Could not connect to SMTP host. Failed to connect to server SMTP server error: Failed to connect to server Additional SMTP info: php_network_getaddresses: getaddrinfo for smtp.gmail.com failed: No such host is known | Exception: SMTP Error: Could not connect to SMTP host. Failed to connect to server
[2026-06-06 00:35:01] Email sent successfully to: ujjwalff01@gmail.com - Subject: Book Overdue - Action Required
[2026-06-06 00:36:21] Email sent successfully to: ujjwalff01@gmail.com - Subject: Your Email OTP Code - Library Management System
[2026-06-06 01:05:54] Email sent successfully to: ishaishant27@gmail.com - Subject: Your Email OTP Code - Library Management System
